// Jest Snapshot v1, https://goo.gl/fbAQLP

exports[`cancel-text prop 1`] = `
<button type="button" class="vm-share-sheet-cancel">
  foo
</button>
`;
