// Jest Snapshot v1, https://goo.gl/fbAQLP

exports[`renders demo correctly 1`] = `
<div>
  <div>
    <vm-cell is-link="" title="基本使用"></vm-cell>
  </div>
  <div>
    <vm-cell is-link="" title="主要通知"></vm-cell>
    <vm-cell is-link="" title="成功通知"></vm-cell>
    <vm-cell is-link="" title="危险通知"></vm-cell>
    <vm-cell is-link="" title="警告通知"></vm-cell>
  </div>
  <div>
    <vm-cell is-link="" title="自定义颜色"></vm-cell>
    <vm-cell is-link="" title="自定义时长"></vm-cell>
  </div>
  <div>
    <vm-cell is-link="" title="组件调用"></vm-cell>
    <vm-notify type="success">
      <vm-icon name="bell" style="margin-right: 4px;"></vm-icon> <span>通知内容</span>
    </vm-notify>
  </div>
</div>
`;
