// Jest Snapshot v1, https://goo.gl/fbAQLP

exports[`icon slot 1`] = `
<div class="vm-steps vm-steps-horizontal">
  <div class="vm-steps-items">
    <div class="vm-hairline vm-step vm-step-horizontal vm-step-finish">
      <div class="vm-step-title">
        A
      </div>
      <div class="vm-step-circle-container">Custim Inactive Icon</div>
      <div class="vm-step-line"></div>
    </div>
    <div class="vm-hairline vm-step vm-step-horizontal vm-step-process">
      <div class="vm-step-title vm-step-title-active">
        B
      </div>
      <div class="vm-step-circle-container">Custim Active Icon</div>
      <div class="vm-step-line"></div>
    </div>
    <div class="vm-hairline vm-step vm-step-horizontal">
      <div class="vm-step-title">
        C
      </div>
      <div class="vm-step-circle-container">Custim Inactive Icon</div>
      <div class="vm-step-line"></div>
    </div>
  </div>
</div>
`;

exports[`inactive-color prop 1`] = `
<div class="vm-steps vm-steps-horizontal">
  <div class="vm-steps-items">
    <div class="vm-hairline vm-step vm-step-horizontal vm-step-process">
      <div class="vm-step-title vm-step-title-active">A</div>
      <div class="vm-step-circle-container"><i class="vm-icon vm-icon-check-circle vm-step-icon vm-step-icon-active">
          <!---->
          <!---->
        </i></div>
      <div class="vm-step-line" style="background: red;"></div>
    </div>
    <div class="vm-hairline vm-step vm-step-horizontal">
      <div class="vm-step-title" style="color: red;">B</div>
      <div class="vm-step-circle-container"><i class="vm-step-circle" style="background: red;"></i></div>
      <div class="vm-step-line" style="background: red;"></div>
    </div>
  </div>
</div>
`;
