// Jest Snapshot v1, https://goo.gl/fbAQLP

exports[`renders demo correctly 1`] = `
<div>
  <div>
    <vm-cell title="primary 类型">
      <vm-tag type="primary">标签</vm-tag>
    </vm-cell>
    <vm-cell title="success 类型">
      <vm-tag type="success">标签</vm-tag>
    </vm-cell>
    <vm-cell title="danger 类型">
      <vm-tag type="danger">标签</vm-tag>
    </vm-cell>
    <vm-cell title="warning 类型">
      <vm-tag type="warning">标签</vm-tag>
    </vm-cell>
  </div>
  <div>
    <vm-cell title="空心样式">
      <vm-tag plain="" type="primary">标签</vm-tag>
    </vm-cell>
    <vm-cell title="圆角样式">
      <vm-tag round="" type="primary">标签</vm-tag>
    </vm-cell>
    <vm-cell title="标记样式">
      <vm-tag mark="" type="primary">标签</vm-tag>
    </vm-cell>
    <vm-cell title="可关闭标签">
      <vm-tag size="medium" closeable="" type="primary">
        标签
      </vm-tag>
    </vm-cell>
  </div>
  <div>
    <vm-cell title="小号标签">
      <vm-tag type="primary">标签</vm-tag>
    </vm-cell>
    <vm-cell title="中号标签">
      <vm-tag type="primary" size="medium">标签</vm-tag>
    </vm-cell>
    <vm-cell title="大号标签">
      <vm-tag type="primary" size="large">标签</vm-tag>
    </vm-cell>
  </div>
  <div>
    <vm-cell title="背景颜色">
      <vm-tag color="#7232dd">标签</vm-tag>
    </vm-cell>
    <vm-cell title="文字颜色">
      <vm-tag color="#ffe1e1" text-color="#ad0000">标签</vm-tag>
    </vm-cell>
    <vm-cell title="空心颜色">
      <vm-tag color="#7232dd" plain="">标签</vm-tag>
    </vm-cell>
  </div>
</div>
`;
