// Jest Snapshot v1, https://goo.gl/fbAQLP

exports[`renders demo correctly 1`] = `
<div>
  <div>
    <vm-badge content="5">
      <div class="child"></div>
    </vm-badge>
    <vm-badge content="10">
      <div class="child"></div>
    </vm-badge>
    <vm-badge content="Hot">
      <div class="child"></div>
    </vm-badge>
    <vm-badge dot="">
      <div class="child"></div>
    </vm-badge>
  </div>
  <div>
    <vm-badge content="20" max="9">
      <div class="child"></div>
    </vm-badge>
    <vm-badge content="50" max="20">
      <div class="child"></div>
    </vm-badge>
    <vm-badge content="200" max="99">
      <div class="child"></div>
    </vm-badge>
  </div>
  <div>
    <vm-badge content="5" color="#1989fa">
      <div class="child"></div>
    </vm-badge>
    <vm-badge content="10" color="#1989fa">
      <div class="child"></div>
    </vm-badge>
    <vm-badge dot="" color="#1989fa">
      <div class="child"></div>
    </vm-badge>
  </div>
  <div>
    <vm-badge>
      <div class="child"></div>
    </vm-badge>
    <vm-badge>
      <div class="child"></div>
    </vm-badge>
    <vm-badge>
      <div class="child"></div>
    </vm-badge>
  </div>
  <div>
    <vm-badge content="20" style="margin-left: 16px;"></vm-badge>
    <vm-badge content="200" max="99" style="margin-left: 12px;"></vm-badge>
  </div>
</div>
`;
